G__21302_21326:yn
G__21305_21328:zn
G__21312_21332:An
G__21316_21337:Bn
G__21381_21382$jscomp$inline_992:Cn
JSCompiler_StaticMethods_assoc_BANG_:Vg
JSCompiler_StaticMethods_cljs$core$ITransientVector$_assoc_n_BANG_$arity$3:ag
JSCompiler_StaticMethods_divide:Fa
JSCompiler_StaticMethods_forceChunk:oh
JSCompiler_StaticMethods_getBits:Da
JSCompiler_StaticMethods_isZero:Ea
JSCompiler_StaticMethods_negate:ya
JSCompiler_StaticMethods_re_frame$router$IEventQueue$_call_post_event_callbacks$arity$2:$m
JSCompiler_StaticMethods_re_frame$router$IEventQueue$_fsm_trigger$arity$3:Wm
JSCompiler_StaticMethods_re_frame$router$IEventQueue$_pause$arity$2:Zm
JSCompiler_StaticMethods_re_frame$router$IEventQueue$_process_1st_event_in_queue$arity$1:Xm
JSCompiler_StaticMethods_re_frame$router$IEventQueue$_run_next_tick$arity$1:Ym
JSCompiler_StaticMethods_re_frame$router$IEventQueue$_run_queue$arity$1:Vm
JSCompiler_StaticMethods_shiftRight:Ia
JSCompiler_StaticMethods_sval:le
JSCompiler_StaticMethods_toNumber:Ca
JSCompiler_prototypeAlias:g
L 0:a
L 1:b
L 10:p
L 11:n
L 12:q
L 13:v
L 14:w
L 15:A
L 16:F
L 17:U
L 18:da
L 19:na
L 2:c
L 20:Pa
L 21:nb
L 22:xa
L 23:y
L 24:G
L 25:I
L 26:M
L 27:N
L 28:O
L 29:Q
L 3:d
L 30:T
L 31:Y
L 32:aa
L 33:ca
L 34:ia
L 35:la
L 36:ra
L 37:ua
L 38:wa
L 39:Ga
L 4:e
L 40:Wa
L 41:jb
L 42:Mb
L 43:Nc
L 44:Bf
L 5:f
L 6:h
L 7:k
L 8:l
L 9:m
cljs:Qa
cljs$core:Ra
cljs$core$ArrayChunk:ne
cljs$core$ArrayNode:Eg
cljs$core$ArrayNodeIterator:Ig
cljs$core$ArrayNodeSeq:Pg
cljs$core$Atom:Ve
cljs$core$BitmapIndexedNode:Ag
cljs$core$BitmapIndexedNode$EMPTY:Dg
cljs$core$Box:tg
cljs$core$ChunkBuffer:me
cljs$core$ChunkedCons:oe
cljs$core$ChunkedSeq:Uf
cljs$core$Cons:ge
cljs$core$ES6EntriesIterator:ig
cljs$core$ES6Iterator:Uc
cljs$core$ES6SetEntriesIterator:jg
cljs$core$EmptyList:fe
cljs$core$ExceptionInfo:Nh
cljs$core$Fn:qb
cljs$core$HashCollisionNode:Mg
cljs$core$HashMapIter:Rg
cljs$core$HashSetIter:ch
cljs$core$ICollection:wb
cljs$core$ICounted:sb
cljs$core$IDeref:Ub
cljs$core$IEmptyableCollection:ub
cljs$core$IEncodeJS:Jh
cljs$core$IFn:rb
cljs$core$IIndexed:yb
cljs$core$IIterable:zc
cljs$core$IKVReduce:ac
cljs$core$IList:hc
cljs$core$ILookup:Fb
cljs$core$IMap:Jb
cljs$core$IMeta:Wb
cljs$core$INIT:Ke
cljs$core$INext:Db
cljs$core$IPrintWithWriter:kc
cljs$core$IRecord:ic
cljs$core$IReduce:Zb
cljs$core$ISeq:Ab
cljs$core$ISeqable:ec
cljs$core$ISequential:gc
cljs$core$ISet:Ob
cljs$core$ITER_SYMBOL:kb
cljs$core$IVector:Sb
cljs$core$IndexedSeq:H
cljs$core$IndexedSeqIterator:md
cljs$core$KeySeq:Xg
cljs$core$Keyword:D
cljs$core$LazySeq:ke
cljs$core$List:td
cljs$core$List$EMPTY:Tc
cljs$core$MapEntry:If
cljs$core$MetaFn:Ad
cljs$core$NeverEquiv:fg
cljs$core$NodeIterator:zg
cljs$core$NodeSeq:Ng
cljs$core$PROTOCOL_SENTINEL:t
cljs$core$PersistentArrayMap:Za
cljs$core$PersistentArrayMap$EMPTY:Je
cljs$core$PersistentArrayMap$HASHMAP_THRESHOLD:qg
cljs$core$PersistentArrayMap$createAsIfByAssoc:xd
cljs$core$PersistentArrayMapIterator:mg
cljs$core$PersistentArrayMapSeq:lg
cljs$core$PersistentHashMap:Sg
cljs$core$PersistentHashMap$EMPTY:rg
cljs$core$PersistentHashMap$fromArrays:Ug
cljs$core$PersistentHashSet:dh
cljs$core$PersistentHashSet$EMPTY:fh
cljs$core$PersistentQueue:dg
cljs$core$PersistentQueue$EMPTY:eg
cljs$core$PersistentQueueIter:bg
cljs$core$PersistentQueueSeq:cg
cljs$core$PersistentVector:X
cljs$core$PersistentVector$EMPTY:sd
cljs$core$PersistentVector$EMPTY_NODE:Z
cljs$core$PersistentVector$fromArray:Of
cljs$core$Range:nh
cljs$core$RangeChunk:lh
cljs$core$RangeIterator:mh
cljs$core$RangedIterator:Ef
cljs$core$Reduced:ad
cljs$core$Repeat:cf
cljs$core$START:Le
cljs$core$SeqIter:Me
cljs$core$StringBufferWriter:Bc
cljs$core$Subvec:Wf
cljs$core$Symbol:Pc
cljs$core$TransientArrayMap:pg
cljs$core$TransientHashMap:Tg
cljs$core$TransientHashSet:eh
cljs$core$TransientVector:Jf
cljs$core$ValSeq:Yg
cljs$core$VectorNode:sf
cljs$core$_EQ_:P
cljs$core$_PLUS_:ae
cljs$core$_STAR_eval_STAR_:Qh
cljs$core$_STAR_loaded_libs_STAR_:Xa
cljs$core$_STAR_print_err_fn_STAR_:Ua
cljs$core$_STAR_print_fn_STAR_:Ta
cljs$core$_STAR_print_level_STAR_:Va
cljs$core$_add_watch:mc
cljs$core$_as_transient:oc
cljs$core$_assoc:Hb
cljs$core$_assoc_BANG_:rc
cljs$core$_assoc_n:Tb
cljs$core$_chunked_first:tc
cljs$core$_chunked_rest:uc
cljs$core$_clj__GT_js:Kh
cljs$core$_conj:xb
cljs$core$_conj_BANG_:pc
cljs$core$_count:tb
cljs$core$_deref:Vb
cljs$core$_disjoin:Pb
cljs$core$_dissoc:Kb
cljs$core$_drop_first:sc
cljs$core$_empty:vb
cljs$core$_equiv:cc
cljs$core$_find:Ib
cljs$core$_first:Bb
cljs$core$_hash:dc
cljs$core$_indexOf$cljs$0core$0IFn$0_invoke$0arity$03:R
cljs$core$_iterator:Ac
cljs$core$_key:Lb
cljs$core$_kv_reduce:bc
cljs$core$_lastIndexOf$cljs$0core$0IFn$0_invoke$0arity$03:V
cljs$core$_lookup:Gb
cljs$core$_meta:Xb
cljs$core$_name:vc
cljs$core$_namespace:wc
cljs$core$_next:Eb
cljs$core$_nth:zb
cljs$core$_peek:Qb
cljs$core$_persistent_BANG_:qc
cljs$core$_pop:Rb
cljs$core$_pr_writer:lc
cljs$core$_reduce:$b
cljs$core$_remove_watch:nc
cljs$core$_reset_BANG_:xc
cljs$core$_rest:Cb
cljs$core$_seq:fc
cljs$core$_swap_BANG_:yc
cljs$core$_val:Nb
cljs$core$_with_meta:Yb
cljs$core$_write:jc
cljs$core$aclone:lb
cljs$core$apply:Bd
cljs$core$apply$cljs$0core$0IFn$0_invoke$0arity$02:Be
cljs$core$apply$cljs$0core$0IFn$0_invoke$0arity$03:Ce
cljs$core$apply$cljs$0core$0IFn$0_invoke$0arity$04:De
cljs$core$apply$cljs$0core$0IFn$0_invoke$0arity$05:Ee
cljs$core$apply$cljs$0core$0IFn$0_invoke$0arity$0variadic:Fe
cljs$core$apply_to:ve
cljs$core$apply_to_simple$cljs$0core$0IFn$0_invoke$0arity$03:xe
cljs$core$apply_to_simple$cljs$0core$0IFn$0_invoke$0arity$04:ye
cljs$core$apply_to_simple$cljs$0core$0IFn$0_invoke$0arity$05:ze
cljs$core$apply_to_simple$cljs$0core$0IFn$0_invoke$0arity$06:Ae
cljs$core$array_QMARK_:gb
cljs$core$array__GT_transient_hash_map:sg
cljs$core$array_copy:Od
cljs$core$array_for:Af
cljs$core$array_index_of:kg
cljs$core$array_reduce$cljs$0core$0IFn$0_invoke$0arity$02:fd
cljs$core$array_reduce$cljs$0core$0IFn$0_invoke$0arity$03:gd
cljs$core$array_reduce$cljs$0core$0IFn$0_invoke$0arity$04:hd
cljs$core$assoc:wd
cljs$core$assoc_in:mf
cljs$core$atom$cljs$0core$0IFn$0_invoke$0arity$01:We
cljs$core$bit_count:ee
cljs$core$boolean$0:Qd
cljs$core$bounded_count:re
cljs$core$build_subvec:Xf
cljs$core$butlast:hh
cljs$core$char_escapes:vh
cljs$core$chunk_append:qe
cljs$core$chunk_cons:pe
cljs$core$chunked_seq:Nf
cljs$core$chunked_seq$cljs$0core$0IFn$0_invoke$0arity$04:Mf
cljs$core$chunked_seq$cljs$0core$0IFn$0_invoke$0arity$05:Vf
cljs$core$chunked_seq_QMARK_:Nd
cljs$core$ci_reduce$cljs$0core$0IFn$0_invoke$0arity$02:dd
cljs$core$ci_reduce$cljs$0core$0IFn$0_invoke$0arity$03:ed
cljs$core$clj__GT_js:Lh
cljs$core$clone_and_set$cljs$0core$0IFn$0_invoke$0arity$03:vg
cljs$core$coll_QMARK_:Hd
cljs$core$complement:Pe
cljs$core$concat:te
cljs$core$conj:rd
cljs$core$conj_BANG_:ue
cljs$core$cons:od
cljs$core$contains_QMARK_:Sd
cljs$core$count:S
cljs$core$counted_QMARK_:id
cljs$core$create_array_node_seq:Kg
cljs$core$create_array_node_seq$cljs$0core$0IFn$0_invoke$0arity$01:Jg
cljs$core$create_array_node_seq$cljs$0core$0IFn$0_invoke$0arity$03:Qg
cljs$core$create_inode_seq:Cg
cljs$core$create_inode_seq$cljs$0core$0IFn$0_invoke$0arity$01:Bg
cljs$core$create_inode_seq$cljs$0core$0IFn$0_invoke$0arity$03:Og
cljs$core$create_node:Gg
cljs$core$create_node$cljs$0core$0IFn$0_invoke$0arity$06:Hg
cljs$core$create_node$cljs$0core$0IFn$0_invoke$0arity$07:Fg
cljs$core$dec:be
cljs$core$deref:cd
cljs$core$disj:Fd
cljs$core$dissoc:yd
cljs$core$do_assoc:Cf
cljs$core$doall$cljs$0core$0IFn$0_invoke$0arity$01:qh
cljs$core$drop$cljs$0core$0IFn$0_invoke$0arity$02:af
cljs$core$drop_last$cljs$0core$0IFn$0_invoke$0arity$02:bf
cljs$core$edit_and_set$cljs$0core$0IFn$0_invoke$0arity$04:xg
cljs$core$empty:ud
cljs$core$empty_QMARK_:Gd
cljs$core$empty_ordered_hash:Xc
cljs$core$empty_unordered_hash:Zc
cljs$core$enable_console_print_BANG_:eb
cljs$core$equiv_map:hg
cljs$core$equiv_sequential:nd
cljs$core$es6_iterator:Vc
cljs$core$every_QMARK_:Ne
cljs$core$ex_info$cljs$0core$0IFn$0_invoke$0arity$02:Oh
cljs$core$filter$cljs$0core$0IFn$0_invoke$0arity$02:ef
cljs$core$first:J
cljs$core$flatten:hf
cljs$core$fn_QMARK_:zd
cljs$core$fnil$cljs$0core$0IFn$0_invoke$0arity$02:Re
cljs$core$gensym$cljs$0core$0IFn$0_invoke$0arity$01:Ih
cljs$core$gensym_counter:Hh
cljs$core$get:C
cljs$core$get_in$cljs$0core$0IFn$0_invoke$0arity$02:lf
cljs$core$hash:Lc
cljs$core$hash_collision_node_find_index:Lg
cljs$core$hash_combine:Mc
cljs$core$hash_map:Wg
cljs$core$hash_ordered_coll:Wc
cljs$core$hash_string:Kc
cljs$core$hash_unordered_coll:Yc
cljs$core$identity:Zd
cljs$core$ifn_QMARK_:Rd
cljs$core$imul:Dc
cljs$core$inc:$c
cljs$core$indexed_QMARK_:jd
cljs$core$inode_kv_reduce:yg
cljs$core$instance_QMARK_:Oc
cljs$core$into:Se
cljs$core$into_array$cljs$0core$0IFn$0_invoke$0arity$02:mb
cljs$core$iter_reduce$cljs$0core$0IFn$0_invoke$0arity$02:Vd
cljs$core$iter_reduce$cljs$0core$0IFn$0_invoke$0arity$03:Wd
cljs$core$iterable_QMARK_:Rc
cljs$core$keep$cljs$0core$0IFn$0_invoke$0arity$02:Ue
cljs$core$key:Rf
cljs$core$key_test:ug
cljs$core$keys:ng
cljs$core$keyword:ie
cljs$core$keyword_identical_QMARK_:he
cljs$core$last:qd
cljs$core$linear_traversal_nth$cljs$0core$0IFn$0_invoke$0arity$03:vd
cljs$core$lookup_sentinel:Pd
cljs$core$m3_fmix:Gc
cljs$core$m3_hash_unencoded_chars:Hc
cljs$core$m3_mix_H1:Fc
cljs$core$m3_mix_K1:Ec
cljs$core$map:Ze
cljs$core$map_QMARK_:Kd
cljs$core$map_entry_QMARK_:Qf
cljs$core$mapv$cljs$0core$0IFn$0_invoke$0arity$02:jf
cljs$core$max:ce
cljs$core$max_key:ih
cljs$core$merge:Zg
cljs$core$meta:Dd
cljs$core$missing_protocol:z
cljs$core$name:je
cljs$core$native_satisfies_QMARK_:x
cljs$core$never_equiv:gg
cljs$core$new_path:wf
cljs$core$next:K
cljs$core$next_STAR_:we
cljs$core$nil_QMARK_:fb
cljs$core$nil_iter:He
cljs$core$not:hb
cljs$core$not_empty:Ge
cljs$core$nth:ld
cljs$core$nth$cljs$0core$0IFn$0_invoke$0arity$02:kd
cljs$core$nth$cljs$0core$0IFn$0_invoke$0arity$03:W
cljs$core$partial:Qe
cljs$core$partition$cljs$0core$0IFn$0_invoke$0arity$03:kf
cljs$core$partition_all$cljs$0core$0IFn$0_invoke$0arity$02:jh
cljs$core$partition_all$cljs$0core$0IFn$0_invoke$0arity$03:kh
cljs$core$peek:Ed
cljs$core$pop_tail:Df
cljs$core$pr_opts:Ya
cljs$core$pr_sb_with_opts:Dh
cljs$core$pr_sequential_writer:sh
cljs$core$pr_str_STAR_:Cc
cljs$core$pr_str_with_opts:Eh
cljs$core$pr_writer:zh
cljs$core$pr_writer_impl:yh
cljs$core$prim_seq$cljs$0core$0IFn$0_invoke$0arity$02:pd
cljs$core$print_map:Ah
cljs$core$print_meta_QMARK_:xh
cljs$core$print_prefix_map:Fh
cljs$core$push_tail:xf
cljs$core$pv_clone_node:uf
cljs$core$pv_fresh_node:tf
cljs$core$pv_reduce$cljs$0core$0IFn$0_invoke$0arity$04:Gf
cljs$core$pv_reduce$cljs$0core$0IFn$0_invoke$0arity$05:Hf
cljs$core$quot:de
cljs$core$quote_string:wh
cljs$core$range$cljs$0core$0IFn$0_invoke$0arity$03:ph
cljs$core$ranged_iterator:Ff
cljs$core$re_matches:rh
cljs$core$record_QMARK_:Ld
cljs$core$reduce:pb
cljs$core$reduce$cljs$0core$0IFn$0_invoke$0arity$02:Xd
cljs$core$reduce$cljs$0core$0IFn$0_invoke$0arity$03:ob
cljs$core$reduce_kv:Yd
cljs$core$reduced_QMARK_:bd
cljs$core$remove$cljs$0core$0IFn$0_invoke$0arity$02:ff
cljs$core$remove_pair:wg
cljs$core$repeat$cljs$0core$0IFn$0_invoke$0arity$02:df
cljs$core$reset_BANG_:Xe
cljs$core$rest:Sc
cljs$core$select_keys:$g
cljs$core$seq:E
cljs$core$seq_reduce$cljs$0core$0IFn$0_invoke$0arity$02:Td
cljs$core$seq_reduce$cljs$0core$0IFn$0_invoke$0arity$03:Ud
cljs$core$sequential_QMARK_:Jd
cljs$core$set:gh
cljs$core$set_QMARK_:Id
cljs$core$some:Oe
cljs$core$spread:se
cljs$core$str:B
cljs$core$string_hash_cache:Ic
cljs$core$string_hash_cache_count:Jc
cljs$core$subvec:Yf
cljs$core$swap_BANG_:Ye
cljs$core$symbol:Qc
cljs$core$t_cljs$0core18046:Sa
cljs$core$tail_off:vf
cljs$core$take$cljs$0core$0IFn$0_invoke$0arity$02:$e
cljs$core$tapset:Ph
cljs$core$transduce$cljs$0core$0IFn$0_invoke$0arity$04:$d
cljs$core$tree_seq:gf
cljs$core$truth_:u
cljs$core$tv_editable_root:Kf
cljs$core$tv_editable_tail:Lf
cljs$core$tv_ensure_editable:Zf
cljs$core$tv_push_tail:$f
cljs$core$type__GT_str:ib
cljs$core$unchecked_array_for:zf
cljs$core$update$cljs$0core$0IFn$0_invoke$0arity$03:of
cljs$core$update$cljs$0core$0IFn$0_invoke$0arity$04:qf
cljs$core$update_in:nf
cljs$core$val:Sf
cljs$core$vals:og
cljs$core$vec:Pf
cljs$core$vector:Tf
cljs$core$vector_QMARK_:Md
cljs$core$vector_index_out_of_bounds:yf
cljs$core$with_meta:Cd
cljs$core$write_all$cljs$0core$0IFn$0_invoke$0arity$0variadic:uh
cljs$cst$keyword$_LT__DASH_:ti
cljs$cst$keyword$_LT__GT_:Qi
cljs$cst$keyword$add_DASH_event:qj
cljs$cst$keyword$after:bj
cljs$cst$keyword$alt_DASH_impl:Bh
cljs$cst$keyword$atom:ek
cljs$cst$keyword$auto_DASH_run:bi
cljs$cst$keyword$background_DASH_color:oi
cljs$cst$keyword$before:ij
cljs$cst$keyword$border:wj
cljs$cst$keyword$border_DASH_color:Li
cljs$cst$keyword$border_DASH_width:Hj
cljs$cst$keyword$box_DASH_shadow:Wh
cljs$cst$keyword$button:ai
cljs$cst$keyword$button_DASH_type:dj
cljs$cst$keyword$change:Mj
cljs$cst$keyword$childContextTypes:mi
cljs$cst$keyword$class:qi
cljs$cst$keyword$cljsLegacyRender:vi
cljs$cst$keyword$cljs_DOT_core_SLASH_not_DASH_found:bh
cljs$cst$keyword$coeffects:pf
cljs$cst$keyword$cofx:Oi
cljs$cst$keyword$color:yi
cljs$cst$keyword$componentDidMount:Vh
cljs$cst$keyword$componentWillUnmount:sj
cljs$cst$keyword$component_DASH_did_DASH_update:cj
cljs$cst$keyword$component_DASH_will_DASH_unmount:Sj
cljs$cst$keyword$components:Rh
cljs$cst$keyword$constructor:li
cljs$cst$keyword$contextTypes:Kj
cljs$cst$keyword$cursor:Ci
cljs$cst$keyword$db:oj
cljs$cst$keyword$db_DASH_handler:Zj
cljs$cst$keyword$debug:Rj
cljs$cst$keyword$depth:Vj
cljs$cst$keyword$deregister_DASH_event_DASH_handler:Jj
cljs$cst$keyword$dispatch:ui
cljs$cst$keyword$dispatch_DASH_later:Yi
cljs$cst$keyword$dispatch_DASH_n:Xi
cljs$cst$keyword$displayName:ci
cljs$cst$keyword$display_DASH_name:Gj
cljs$cst$keyword$div:Dj
cljs$cst$keyword$div_SHARP_container_DASH_for_DASH_buttons:$h
cljs$cst$keyword$div_SHARP_root_DASH_div:gi
cljs$cst$keyword$do_DASH_fx:Cj
cljs$cst$keyword$double_DASH_up:ck
cljs$cst$keyword$dup:cb
cljs$cst$keyword$effects:Bj
cljs$cst$keyword$error:vj
cljs$cst$keyword$event:yj
cljs$cst$keyword$exception:Si
cljs$cst$keyword$fallback_DASH_impl:Ch
cljs$cst$keyword$filled:Uh
cljs$cst$keyword$finish_DASH_run:Ti
cljs$cst$keyword$flush_DASH_dom:ej
cljs$cst$keyword$flush_DASH_on_DASH_newline:$a
cljs$cst$keyword$font_DASH_family:$i
cljs$cst$keyword$font_DASH_size:Tj
cljs$cst$keyword$font_DASH_weight:fj
cljs$cst$keyword$fsm_DASH_state:ki
cljs$cst$keyword$fx:Wi
cljs$cst$keyword$getDerivedStateFromError:hi
cljs$cst$keyword$getDerivedStateFromProps:zj
cljs$cst$keyword$getInitialState:Ii
cljs$cst$keyword$get_DASH_components:Pi
cljs$cst$keyword$get_DASH_depth:wi
cljs$cst$keyword$get_DASH_shared_DASH_value:xj
cljs$cst$keyword$get_DASH_state:Gi
cljs$cst$keyword$group:Xj
cljs$cst$keyword$groupEnd:dk
cljs$cst$keyword$h1:Ui
cljs$cst$keyword$id:Oj
cljs$cst$keyword$idle:Th
cljs$cst$keyword$increment_DASH_shared_DASH_value:Sh
cljs$cst$keyword$initialize:ji
cljs$cst$keyword$input:ni
cljs$cst$keyword$key:nj
cljs$cst$keyword$keyword_DASH_fn:Mh
cljs$cst$keyword$label:ri
cljs$cst$keyword$line_DASH_height:rj
cljs$cst$keyword$log:di
cljs$cst$keyword$map:fi
cljs$cst$keyword$margin:Ri
cljs$cst$keyword$max:ii
cljs$cst$keyword$meta:bb
cljs$cst$keyword$min:lj
cljs$cst$keyword$more_DASH_marker:th
cljs$cst$keyword$ms:Xh
cljs$cst$keyword$name:Di
cljs$cst$keyword$no_DASH_cache:Ni
cljs$cst$keyword$on_DASH_change:Yh
cljs$cst$keyword$on_DASH_click:si
cljs$cst$keyword$on_DASH_dispose:ei
cljs$cst$keyword$on_DASH_set:Ki
cljs$cst$keyword$on_DASH_write:mj
cljs$cst$keyword$padding:Fi
cljs$cst$keyword$pause:Uj
cljs$cst$keyword$paused:aj
cljs$cst$keyword$print_DASH_length:db
cljs$cst$keyword$queue:rf
cljs$cst$keyword$re_DASH_frame_DOT_std_DASH_interceptors_SLASH_not_DASH_found:Ej
cljs$cst$keyword$re_DASH_frame_DOT_std_DASH_interceptors_SLASH_untrimmed_DASH_event:Ei
cljs$cst$keyword$readably:ab
cljs$cst$keyword$reagentRender:Ai
cljs$cst$keyword$reagent_DASH_render:hj
cljs$cst$keyword$render:Zh
cljs$cst$keyword$resume:Pj
cljs$cst$keyword$run_DASH_queue:Wj
cljs$cst$keyword$running:pi
cljs$cst$keyword$scheduled:uj
cljs$cst$keyword$secondary:Ji
cljs$cst$keyword$sequential:Vi
cljs$cst$keyword$set:pj
cljs$cst$keyword$shared_DASH_value:xi
cljs$cst$keyword$shouldComponentUpdate:Nj
cljs$cst$keyword$stack:zi
cljs$cst$keyword$state:Mi
cljs$cst$keyword$step:tj
cljs$cst$keyword$style:bk
cljs$cst$keyword$sub:gj
cljs$cst$keyword$text_DASH_align:Bi
cljs$cst$keyword$transition:Lj
cljs$cst$keyword$trigger:jj
cljs$cst$keyword$trim_DASH_v:Zi
cljs$cst$keyword$type:ak
cljs$cst$keyword$unnamed:Yj
cljs$cst$keyword$val:Gh
cljs$cst$keyword$validator:Aj
cljs$cst$keyword$value:Fj
cljs$cst$keyword$warn:Hi
cljs$cst$keyword$warning:kj
cljs$cst$keyword$width:Qj
cljs$cst$keyword$yield:Ij
cljs$cst$symbol$meta18047:Ie
clojure$data$atom_diff:fn
clojure$data$diff:jn
clojure$data$diff_associative:kn
clojure$data$diff_associative_key:hn
clojure$data$diff_sequential:ln
clojure$data$diff_set:mn
clojure$data$diff_similar:on
clojure$data$equality_partition:nn
clojure$data$vectorize:gn
clojure$set$bubble_max_key:Nk
clojure$set$difference:Qk
clojure$set$intersection:Pk
clojure$set$union$cljs$0core$0IFn$0_invoke$0arity$02:Ok
clojure$string$join$cljs$0core$0IFn$0_invoke$0arity$02:nk
clojure$string$replace:mk
clojure$string$replace_all:kk
clojure$string$replace_with:lk
clojure$string$split$cljs$0core$0IFn$0_invoke$0arity$03:ok
comp$jscomp$inline_1272:Dn
container$jscomp$inline_1273:En
goog$UID_PROPERTY_:ha
goog$array$toArray:Na
goog$async$nextTick:om
goog$bind:oa
goog$bindJs_:ma
goog$bindNative_:ka
goog$getUid:fa
goog$global:ba
goog$isFunction:ea
goog$labs$userAgent$util$userAgent_:lm
goog$math$Integer:pa
goog$math$Integer$IntCache_:qa
goog$math$Integer$ONE:Aa
goog$math$Integer$TWO_PWR_24_:Ba
goog$math$Integer$TWO_PWR_32_DBL_:za
goog$math$Integer$ZERO:va
goog$math$Integer$carry16_:Ha
goog$math$Integer$fromInt:sa
goog$math$Integer$fromNumber:ta
goog$object$PROTOTYPE_FIELDS_:La
goog$object$extend:Ma
goog$object$get:Ka
goog$object$getKeys:Ja
goog$string$StringBuffer:Oa
goog$typeOf:r
goog$uidCounter_:ja
module$node_modules$react$index:jk
module$node_modules$react_dom$index:fm
navigator$jscomp$inline_802:mm
re_frame:pm
re_frame$cofx$inject_db:en
re_frame$core$reg_event_db:qn
re_frame$db$app_db:um
re_frame$events$_STAR_handling_STAR_:Km
re_frame$events$handle:Lm
re_frame$fx$do_fx:dn
re_frame$interceptor$__GT_interceptor$cljs$0core$0IFn$0_invoke$0arity$0variadic:Hm
re_frame$interceptor$get_coeffect$cljs$0core$0IFn$0_invoke$0arity$02:Im
re_frame$interceptor$invoke_interceptors:Jm
re_frame$interop$add_on_dispose_BANG_:rm
re_frame$interop$deref_QMARK_:qm
re_frame$interop$empty_queue:Te
re_frame$interop$reagent_id:tm
re_frame$interop$set_timeout_BANG_:sm
re_frame$loggers$console:wm
re_frame$loggers$console$cljs$0core$0IFn$0_invoke$0arity$0variadic:xm
re_frame$loggers$loggers:vm
re_frame$registrar$clear_handlers:Dm
re_frame$registrar$get_handler$cljs$0core$0IFn$0_invoke$0arity$02:Bm
re_frame$registrar$kind__GT_id__GT_handler:Am
re_frame$registrar$register_handler:Cm
re_frame$router$dispatch:bn
re_frame$router$dispatch_sync:cn
re_frame$router$event_queue:an
re_frame$router$later_fns:Um
re_frame$std_interceptors$db_handler__GT_interceptor:pn
re_frame$subs$cache_and_return:Nm
re_frame$subs$cache_lookup$cljs$0core$0IFn$0_invoke$0arity$02:Om
re_frame$subs$deref_input_signals:Rm
re_frame$subs$map_vals:Qm
re_frame$subs$query__GT_reaction:Mm
re_frame$subs$reg_sub:Sm
re_frame$subs$reg_sub$cljs$0core$0IFn$0_invoke$0arity$0variadic:Tm
re_frame$subs$subscribe:Pm
re_frame$trace:Em
re_frame$trace$next_delivery:Gm
re_frame$trace$traces:Fm
re_frame$utils$dissoc_in:ym
re_frame$utils$first_in_vector:zm
re_frame_project$view$app$component_tree:xn
re_frame_project$view$app$double_up:vn
re_frame_project$view$app$form_1_component:tn
re_frame_project$view$app$slider:un
re_frame_project$view$app$text_and_buttons:wn
re_frame_project$view$components$button$button:sn
re_frame_project$view$style$component_style:rn
reagent:pk
reagent$core$after_render:km
reagent$debug:qk
reagent$debug$track_console:sk
reagent$debug$warnings:rk
reagent$dom:gm
reagent$dom$imported:hm
reagent$dom$render_comp:jm
reagent$dom$roots:im
reagent$impl:tk
reagent$impl$batching:Ck
reagent$impl$batching$RenderQueue:Kk
reagent$impl$batching$compare_mount_order:Gk
reagent$impl$batching$enqueue:Jk
reagent$impl$batching$fake_raf:Ek
reagent$impl$batching$mount_count:Dk
reagent$impl$batching$next_tick:Fk
reagent$impl$batching$queue_render:Mk
reagent$impl$batching$ratom_flush:Hk
reagent$impl$batching$render_queue:Lk
reagent$impl$batching$run_funs:Ik
reagent$impl$component:rl
reagent$impl$component$_STAR_current_component_STAR_:sl
reagent$impl$component$as_element:vl
reagent$impl$component$built_in_static_method_names:ah
reagent$impl$component$camelify_map_keys:Cl
reagent$impl$component$create_class:Fl
reagent$impl$component$custom_wrapper:yl
reagent$impl$component$dash_to_method_name:Bl
reagent$impl$component$get_wrapper:zl
reagent$impl$component$map_to_js:El
reagent$impl$component$obligatory:Al
reagent$impl$component$props_argv:tl
reagent$impl$component$rat_opts:ql
reagent$impl$component$reagent_class_QMARK_:ul
reagent$impl$component$static_fns:xl
reagent$impl$component$wrap_funs:Dl
reagent$impl$component$wrap_render:wl
reagent$impl$template:Gl
reagent$impl$template$HiccupTag:Yl
reagent$impl$template$as_element:cm
reagent$impl$template$cache_get:Jl
reagent$impl$template$convert_custom_prop_value:Ol
reagent$impl$template$convert_prop_value:Ll
reagent$impl$template$custom_kv_conv:Nl
reagent$impl$template$custom_prop_name_cache:Ml
reagent$impl$template$expand_seq:em
reagent$impl$template$find_dom_node:Pl
reagent$impl$template$get_key:Zl
reagent$impl$template$input_component_set_value:Sl
reagent$impl$template$input_handle_change:Tl
reagent$impl$template$input_node_set_value:Rl
reagent$impl$template$input_render_setup:Ul
reagent$impl$template$input_spec:Xl
reagent$impl$template$key_from_vec:$l
reagent$impl$template$kv_conv:Kl
reagent$impl$template$make_element:Wl
reagent$impl$template$native_element:bm
reagent$impl$template$prop_name_cache:Il
reagent$impl$template$re_tag:Hl
reagent$impl$template$reagent_input_class:Vl
reagent$impl$template$tag_name_cache:am
reagent$impl$template$these_inputs_have_selection_api:Ql
reagent$impl$template$vec_to_elem:dm
reagent$impl$util$_STAR_always_update_STAR_:Bk
reagent$impl$util$capitalize:wk
reagent$impl$util$class_names:Ak
reagent$impl$util$dash_to_prop_name:xk
reagent$impl$util$dont_camel_case:vk
reagent$impl$util$fun_name:yk
reagent$impl$util$is_client:uk
reagent$impl$util$named_QMARK_:zk
reagent$ratom:Rk
reagent$ratom$RAtom:el
reagent$ratom$RCursor:jl
reagent$ratom$Reaction:nl
reagent$ratom$Track:il
reagent$ratom$_STAR_ratom_context_STAR_:Sk
reagent$ratom$_running:Vk
reagent$ratom$add_on_dispose_BANG_:ll
reagent$ratom$add_w:Zk
reagent$ratom$atom:fl
reagent$ratom$cached_reaction:gl
reagent$ratom$check_watches:Yk
reagent$ratom$debug:Tk
reagent$ratom$deref_capture:Wk
reagent$ratom$dispose_BANG_:kl
reagent$ratom$flush_BANG_:dl
reagent$ratom$generation:Uk
reagent$ratom$handle_reaction_change:ml
reagent$ratom$make_reaction:hl
reagent$ratom$notify_deref_watcher_BANG_:Xk
reagent$ratom$notify_w:al
reagent$ratom$pr_atom:bl
reagent$ratom$rea_queue:cl
reagent$ratom$remove_w:$k
reagent$ratom$run_in_reaction:pl
reagent$ratom$temp_reaction:ol
shadow$js$files:fk
shadow$js$jsRequire:ik
shadow$js$nativeRequires:gk
shadow$js$requireStack:hk
userAgent$jscomp$inline_803:nm
